0.50000
0.50000
0.50000
0.49999
0.00000
0.50000
0.50000
0.50000
0.00000
0.50000
0.50000
0.50000
0.50000
0.50000
0.50000
0.50000
0.00000
0.50000
0.50000
0.50000
0.50000
0.50000
0.50000
0.50000
0.50000
0.50000
0.50000
0.50000
0.50000
0.50000
0.50000
0.50000
0.50000
0.50000
0.50000
0.50000
0.50000
0.50000
0.50000
0.50000
0.50000
0.50000
0.50000
0.50000
0.00000
0.50000
0.50000
0.50000
0.50000
0.50000
0.50000
0.50000
0.00000
0.50000
0.50000
0.50000
0.50000
0.50000
0.50000
0.50000
0.50000
0.50000
0.50000
0.50000
0.50000
0.50000
0.50000
0.50000
0.00000
0.50000
0.50000
0.50000
0.50000
0.50000
0.50000
0.50000
0.50000
0.50000
0.50000
0.50000
0.50000
0.50000
0.50000
0.50000
0.50000
0.49998
0.50000
0.50000
0.50000
0.50000
0.50000
0.50000
0.00000
0.50000
0.50000
0.50000
0.50000
0.50000
0.50000
0.50000
