0.49966
0.49922
0.49913
0.49949
0.49573
0.49968
0.49972
0.49949
0.49972
0.49915
0.49973
0.49971
0.49972
0.49883
0.49938
0.49937
0.49919
0.49972
0.49916
0.49945
0.49975
0.49886
0.49495
0.49957
0.49966
0.49975
0.49859
0.49970
0.49669
0.49954
0.49974
0.49974
0.49866
0.49970
0.49971
0.49970
0.49938
0.49956
0.49953
0.49915
0.49664
0.49927
0.49961
0.49949
0.44444
0.49950
0.49973
0.49969
0.49956
0.49974
0.48837
0.49967
0.49964
0.49948
0.49950
0.49967
0.49900
0.49901
0.49957
0.49955
0.49975
0.49968
0.49956
0.49960
0.49970
0.49846
0.49950
0.49956
0.49970
0.49880
0.49971
0.49972
0.49962
0.49565
0.49963
0.49974
0.49919
0.49958
0.49969
0.49957
0.49946
0.49969
0.49948
0.49944
0.49956
0.49869
0.49965
0.49964
0.49881
0.49958
0.49863
0.49949
0.49928
0.49962
0.49943
0.49966
0.49974
0.49853
0.49951
0.49963
