2428
2272
2231
2386
2388
2387
2416
2374
2415
2522
2639
2383
2501
2663
2449
2463
2405
2355
2448
2335
2379
2461
2396
2495
2436
2538
2281
2402
2464
2464
2422
2489
2397
2363
2216
2454
2477
2442
2632
2546
2534
2618
2590
2421
2354
2391
2375
2375
2511
2406
2260
2529
2511
2495
2430
2302
2467
2265
2585
2544
2454
2394
2436
2492
2415
2557
2672
2385
2464
2364
2603
2583
2274
2355
2425
2358
2547
2358
2518
2499
2502
2551
2501
2445
2531
2412
2502
2347
2503
2312
2453
2592
2447
2492
2605
2465
2425
2485
2508
2556
